com\alibaba\csp\sentinel\dashboard\util\RuleUtils.class
com\alibaba\csp\sentinel\dashboard\config\WebConfig.class
com\alibaba\csp\sentinel\dashboard\service\ClusterAssignService.class
com\alibaba\csp\sentinel\dashboard\auth\AuthService.class
com\alibaba\csp\sentinel\dashboard\service\ClusterAssignServiceImpl.class
com\alibaba\csp\sentinel\dashboard\domain\cluster\state\AppClusterServerStateWrapVO.class
com\alibaba\csp\sentinel\dashboard\client\SentinelApiClient$2.class
com\alibaba\csp\sentinel\dashboard\rule\DynamicRulePublisher.class
com\alibaba\csp\sentinel\dashboard\auth\AuthService$PrivilegeType.class
com\alibaba\csp\sentinel\dashboard\rule\DynamicRuleProvider.class
com\alibaba\csp\sentinel\dashboard\controller\MetricController.class
com\alibaba\csp\sentinel\dashboard\controller\cluster\ClusterAssignController.class
com\alibaba\csp\sentinel\dashboard\util\VersionUtils.class
com\alibaba\csp\sentinel\dashboard\domain\cluster\state\ClusterServerStateVO.class
com\alibaba\csp\sentinel\dashboard\repository\rule\InMemFlowRuleStore.class
com\alibaba\csp\sentinel\dashboard\datasource\entity\rule\DegradeRuleEntity.class
com\alibaba\csp\sentinel\dashboard\util\AsyncUtils.class
com\alibaba\csp\sentinel\dashboard\controller\MachineRegistryController.class
com\alibaba\csp\sentinel\dashboard\metric\MetricFetcher$2.class
com\alibaba\csp\sentinel\dashboard\domain\cluster\request\ClusterAppAssignMap.class
com\alibaba\csp\sentinel\dashboard\datasource\entity\rule\AuthorityRuleEntity.class
com\alibaba\csp\sentinel\dashboard\domain\cluster\ClusterAppAssignResultVO.class
com\alibaba\csp\sentinel\dashboard\controller\DemoController.class
com\alibaba\csp\sentinel\dashboard\client\CommandNotFoundException.class
com\alibaba\csp\sentinel\dashboard\controller\AppController.class
com\alibaba\csp\sentinel\dashboard\discovery\SimpleMachineDiscovery.class
com\alibaba\csp\sentinel\dashboard\domain\cluster\ClusterGroupEntity.class
com\alibaba\csp\sentinel\dashboard\domain\cluster\ClusterStateSingleVO.class
com\alibaba\csp\sentinel\dashboard\util\MachineUtils.class
com\alibaba\csp\sentinel\dashboard\repository\metric\InMemoryMetricsRepository.class
com\alibaba\csp\sentinel\dashboard\client\CommandFailedException.class
com\alibaba\csp\sentinel\dashboard\domain\cluster\ClusterAppSingleServerAssignRequest.class
com\alibaba\csp\sentinel\dashboard\domain\Result.class
com\alibaba\csp\sentinel\dashboard\domain\cluster\state\ClusterClientStateVO.class
com\alibaba\csp\sentinel\dashboard\datasource\entity\rule\AbstractRuleEntity.class
com\alibaba\csp\sentinel\dashboard\domain\cluster\state\ClusterRequestLimitVO.class
com\alibaba\csp\sentinel\dashboard\DashboardApplication.class
com\alibaba\csp\sentinel\dashboard\datasource\entity\rule\SystemRuleEntity.class
com\alibaba\csp\sentinel\dashboard\domain\cluster\config\ClusterClientConfig.class
com\alibaba\csp\sentinel\dashboard\datasource\entity\MetricPositionEntity.class
com\alibaba\csp\sentinel\dashboard\repository\rule\InMemAuthorityRuleStore.class
com\alibaba\csp\sentinel\dashboard\discovery\AppInfo.class
com\alibaba\csp\sentinel\dashboard\service\ClusterConfigService.class
com\alibaba\csp\sentinel\dashboard\controller\ResourceController.class
com\alibaba\csp\sentinel\dashboard\datasource\entity\MetricEntity.class
com\alibaba\csp\sentinel\dashboard\domain\cluster\request\ClusterClientModifyRequest.class
com\alibaba\csp\sentinel\dashboard\datasource\entity\MachineEntity.class
com\alibaba\csp\sentinel\dashboard\domain\vo\ResourceVo.class
com\alibaba\csp\sentinel\dashboard\client\SentinelApiClient$3.class
com\alibaba\csp\sentinel\dashboard\config\WebConfig$1.class
com\alibaba\csp\sentinel\dashboard\domain\cluster\request\ClusterModifyRequest.class
com\alibaba\csp\sentinel\dashboard\controller\FlowControllerV1.class
com\alibaba\csp\sentinel\dashboard\rule\FlowRuleApiProvider.class
com\alibaba\csp\sentinel\dashboard\repository\rule\RuleRepository.class
com\alibaba\csp\sentinel\dashboard\domain\cluster\ConnectionDescriptorVO.class
com\alibaba\csp\sentinel\dashboard\rule\FlowRuleApiPublisher.class
com\alibaba\csp\sentinel\dashboard\auth\FakeAuthServiceImpl$AuthUserImpl.class
com\alibaba\csp\sentinel\dashboard\controller\DemoController$RunTask.class
com\alibaba\csp\sentinel\dashboard\repository\rule\InMemoryRuleRepositoryAdapter.class
com\alibaba\csp\sentinel\dashboard\client\SentinelApiClient$1.class
com\alibaba\csp\sentinel\dashboard\datasource\entity\ApplicationEntity.class
com\alibaba\csp\sentinel\dashboard\repository\rule\InMemSystemRuleStore.class
com\alibaba\csp\sentinel\dashboard\metric\MetricFetcher.class
com\alibaba\csp\sentinel\dashboard\domain\cluster\ClusterAppFullAssignRequest.class
com\alibaba\csp\sentinel\dashboard\metric\MetricFetcher$1.class
com\alibaba\csp\sentinel\dashboard\domain\cluster\ClusterClientInfoVO.class
com\alibaba\csp\sentinel\dashboard\repository\rule\InMemDegradeRuleStore.class
com\alibaba\csp\sentinel\dashboard\repository\metric\MetricsRepository.class
com\alibaba\csp\sentinel\dashboard\config\DashboardConfig.class
com\alibaba\csp\sentinel\dashboard\datasource\entity\rule\FlowRuleEntity.class
com\alibaba\csp\sentinel\dashboard\client\SentinelApiClient.class
com\alibaba\csp\sentinel\dashboard\datasource\entity\rule\ParamFlowRuleEntity.class
com\alibaba\csp\sentinel\dashboard\domain\vo\MetricVo.class
com\alibaba\csp\sentinel\dashboard\discovery\MachineInfo.class
com\alibaba\csp\sentinel\dashboard\domain\cluster\state\AppClusterClientStateWrapVO.class
com\alibaba\csp\sentinel\dashboard\domain\cluster\config\ServerFlowConfig.class
com\alibaba\csp\sentinel\dashboard\controller\DegradeController.class
com\alibaba\csp\sentinel\dashboard\datasource\entity\rule\RuleEntity.class
com\alibaba\csp\sentinel\dashboard\domain\cluster\state\ClusterStateSimpleEntity.class
com\alibaba\csp\sentinel\dashboard\controller\cluster\ClusterConfigController.class
com\alibaba\csp\sentinel\dashboard\util\ClusterEntityUtils.class
com\alibaba\csp\sentinel\dashboard\auth\FakeAuthServiceImpl.class
com\alibaba\csp\sentinel\dashboard\domain\vo\MachineInfoVo.class
com\alibaba\csp\sentinel\dashboard\domain\cluster\state\ClusterUniversalStateVO.class
com\alibaba\csp\sentinel\dashboard\discovery\MachineDiscovery.class
com\alibaba\csp\sentinel\dashboard\domain\ResourceTreeNode.class
com\alibaba\csp\sentinel\dashboard\datasource\entity\SentinelVersion.class
com\alibaba\csp\sentinel\dashboard\auth\AuthService$AuthUser.class
com\alibaba\csp\sentinel\dashboard\domain\cluster\ConnectionGroupVO.class
com\alibaba\csp\sentinel\dashboard\repository\rule\InMemParamFlowRuleStore.class
com\alibaba\csp\sentinel\dashboard\controller\SystemController.class
com\alibaba\csp\sentinel\dashboard\controller\v2\FlowControllerV2.class
com\alibaba\csp\sentinel\dashboard\domain\cluster\state\ClusterUniversalStatePairVO.class
com\alibaba\csp\sentinel\dashboard\controller\AuthorityRuleController.class
com\alibaba\csp\sentinel\dashboard\discovery\AppManagement.class
com\alibaba\csp\sentinel\dashboard\controller\ParamFlowRuleController.class
com\alibaba\csp\sentinel\dashboard\domain\cluster\config\ServerTransportConfig.class
com\alibaba\csp\sentinel\dashboard\domain\cluster\request\ClusterServerModifyRequest.class
