C:\Users\Administrator\Desktop\SpringCloud Alibaba Sentinel\Sentinel\sentinel-dashboard\src\main\java\com\alibaba\csp\sentinel\dashboard\controller\MachineRegistryController.java
C:\Users\Administrator\Desktop\SpringCloud Alibaba Sentinel\Sentinel\sentinel-dashboard\src\main\java\com\alibaba\csp\sentinel\dashboard\domain\cluster\request\ClusterAppAssignMap.java
C:\Users\Administrator\Desktop\SpringCloud Alibaba Sentinel\Sentinel\sentinel-dashboard\src\main\java\com\alibaba\csp\sentinel\dashboard\rule\DynamicRuleProvider.java
C:\Users\Administrator\Desktop\SpringCloud Alibaba Sentinel\Sentinel\sentinel-dashboard\src\main\java\com\alibaba\csp\sentinel\dashboard\domain\cluster\config\ClusterClientConfig.java
C:\Users\Administrator\Desktop\SpringCloud Alibaba Sentinel\Sentinel\sentinel-dashboard\src\main\java\com\alibaba\csp\sentinel\dashboard\domain\cluster\request\ClusterClientModifyRequest.java
C:\Users\Administrator\Desktop\SpringCloud Alibaba Sentinel\Sentinel\sentinel-dashboard\src\main\java\com\alibaba\csp\sentinel\dashboard\datasource\entity\rule\AuthorityRuleEntity.java
C:\Users\Administrator\Desktop\SpringCloud Alibaba Sentinel\Sentinel\sentinel-dashboard\src\main\java\com\alibaba\csp\sentinel\dashboard\discovery\AppManagement.java
C:\Users\Administrator\Desktop\SpringCloud Alibaba Sentinel\Sentinel\sentinel-dashboard\src\main\java\com\alibaba\csp\sentinel\dashboard\datasource\entity\MetricPositionEntity.java
C:\Users\Administrator\Desktop\SpringCloud Alibaba Sentinel\Sentinel\sentinel-dashboard\src\main\java\com\alibaba\csp\sentinel\dashboard\domain\cluster\ClusterGroupEntity.java
C:\Users\Administrator\Desktop\SpringCloud Alibaba Sentinel\Sentinel\sentinel-dashboard\src\main\java\com\alibaba\csp\sentinel\dashboard\util\VersionUtils.java
C:\Users\Administrator\Desktop\SpringCloud Alibaba Sentinel\Sentinel\sentinel-dashboard\src\main\java\com\alibaba\csp\sentinel\dashboard\repository\rule\InMemSystemRuleStore.java
C:\Users\Administrator\Desktop\SpringCloud Alibaba Sentinel\Sentinel\sentinel-dashboard\src\main\java\com\alibaba\csp\sentinel\dashboard\controller\ParamFlowRuleController.java
C:\Users\Administrator\Desktop\SpringCloud Alibaba Sentinel\Sentinel\sentinel-dashboard\src\main\java\com\alibaba\csp\sentinel\dashboard\domain\cluster\config\ServerTransportConfig.java
C:\Users\Administrator\Desktop\SpringCloud Alibaba Sentinel\Sentinel\sentinel-dashboard\src\main\java\com\alibaba\csp\sentinel\dashboard\repository\metric\MetricsRepository.java
C:\Users\Administrator\Desktop\SpringCloud Alibaba Sentinel\Sentinel\sentinel-dashboard\src\main\java\com\alibaba\csp\sentinel\dashboard\domain\cluster\state\AppClusterClientStateWrapVO.java
C:\Users\Administrator\Desktop\SpringCloud Alibaba Sentinel\Sentinel\sentinel-dashboard\src\main\java\com\alibaba\csp\sentinel\dashboard\controller\MetricController.java
C:\Users\Administrator\Desktop\SpringCloud Alibaba Sentinel\Sentinel\sentinel-dashboard\src\main\java\com\alibaba\csp\sentinel\dashboard\util\MachineUtils.java
C:\Users\Administrator\Desktop\SpringCloud Alibaba Sentinel\Sentinel\sentinel-dashboard\src\main\java\com\alibaba\csp\sentinel\dashboard\domain\cluster\ClusterStateSingleVO.java
C:\Users\Administrator\Desktop\SpringCloud Alibaba Sentinel\Sentinel\sentinel-dashboard\src\main\java\com\alibaba\csp\sentinel\dashboard\datasource\entity\SentinelVersion.java
C:\Users\Administrator\Desktop\SpringCloud Alibaba Sentinel\Sentinel\sentinel-dashboard\src\main\java\com\alibaba\csp\sentinel\dashboard\discovery\MachineInfo.java
C:\Users\Administrator\Desktop\SpringCloud Alibaba Sentinel\Sentinel\sentinel-dashboard\src\main\java\com\alibaba\csp\sentinel\dashboard\client\CommandNotFoundException.java
C:\Users\Administrator\Desktop\SpringCloud Alibaba Sentinel\Sentinel\sentinel-dashboard\src\main\java\com\alibaba\csp\sentinel\dashboard\domain\vo\ResourceVo.java
C:\Users\Administrator\Desktop\SpringCloud Alibaba Sentinel\Sentinel\sentinel-dashboard\src\main\java\com\alibaba\csp\sentinel\dashboard\repository\rule\InMemoryRuleRepositoryAdapter.java
C:\Users\Administrator\Desktop\SpringCloud Alibaba Sentinel\Sentinel\sentinel-dashboard\src\main\java\com\alibaba\csp\sentinel\dashboard\datasource\entity\ApplicationEntity.java
C:\Users\Administrator\Desktop\SpringCloud Alibaba Sentinel\Sentinel\sentinel-dashboard\src\main\java\com\alibaba\csp\sentinel\dashboard\domain\cluster\ClusterClientInfoVO.java
C:\Users\Administrator\Desktop\SpringCloud Alibaba Sentinel\Sentinel\sentinel-dashboard\src\main\java\com\alibaba\csp\sentinel\dashboard\util\ClusterEntityUtils.java
C:\Users\Administrator\Desktop\SpringCloud Alibaba Sentinel\Sentinel\sentinel-dashboard\src\main\java\com\alibaba\csp\sentinel\dashboard\rule\FlowRuleApiProvider.java
C:\Users\Administrator\Desktop\SpringCloud Alibaba Sentinel\Sentinel\sentinel-dashboard\src\main\java\com\alibaba\csp\sentinel\dashboard\controller\FlowControllerV1.java
C:\Users\Administrator\Desktop\SpringCloud Alibaba Sentinel\Sentinel\sentinel-dashboard\src\main\java\com\alibaba\csp\sentinel\dashboard\domain\cluster\request\ClusterServerModifyRequest.java
C:\Users\Administrator\Desktop\SpringCloud Alibaba Sentinel\Sentinel\sentinel-dashboard\src\main\java\com\alibaba\csp\sentinel\dashboard\rule\DynamicRulePublisher.java
C:\Users\Administrator\Desktop\SpringCloud Alibaba Sentinel\Sentinel\sentinel-dashboard\src\main\java\com\alibaba\csp\sentinel\dashboard\datasource\entity\MachineEntity.java
C:\Users\Administrator\Desktop\SpringCloud Alibaba Sentinel\Sentinel\sentinel-dashboard\src\main\java\com\alibaba\csp\sentinel\dashboard\domain\cluster\ClusterAppAssignResultVO.java
C:\Users\Administrator\Desktop\SpringCloud Alibaba Sentinel\Sentinel\sentinel-dashboard\src\main\java\com\alibaba\csp\sentinel\dashboard\domain\cluster\state\ClusterServerStateVO.java
C:\Users\Administrator\Desktop\SpringCloud Alibaba Sentinel\Sentinel\sentinel-dashboard\src\main\java\com\alibaba\csp\sentinel\dashboard\controller\DemoController.java
C:\Users\Administrator\Desktop\SpringCloud Alibaba Sentinel\Sentinel\sentinel-dashboard\src\main\java\com\alibaba\csp\sentinel\dashboard\domain\cluster\state\ClusterUniversalStateVO.java
C:\Users\Administrator\Desktop\SpringCloud Alibaba Sentinel\Sentinel\sentinel-dashboard\src\main\java\com\alibaba\csp\sentinel\dashboard\auth\FakeAuthServiceImpl.java
C:\Users\Administrator\Desktop\SpringCloud Alibaba Sentinel\Sentinel\sentinel-dashboard\src\main\java\com\alibaba\csp\sentinel\dashboard\domain\cluster\ConnectionDescriptorVO.java
C:\Users\Administrator\Desktop\SpringCloud Alibaba Sentinel\Sentinel\sentinel-dashboard\src\main\java\com\alibaba\csp\sentinel\dashboard\client\CommandFailedException.java
C:\Users\Administrator\Desktop\SpringCloud Alibaba Sentinel\Sentinel\sentinel-dashboard\src\main\java\com\alibaba\csp\sentinel\dashboard\domain\Result.java
C:\Users\Administrator\Desktop\SpringCloud Alibaba Sentinel\Sentinel\sentinel-dashboard\src\main\java\com\alibaba\csp\sentinel\dashboard\service\ClusterAssignService.java
C:\Users\Administrator\Desktop\SpringCloud Alibaba Sentinel\Sentinel\sentinel-dashboard\src\main\java\com\alibaba\csp\sentinel\dashboard\controller\AppController.java
C:\Users\Administrator\Desktop\SpringCloud Alibaba Sentinel\Sentinel\sentinel-dashboard\src\main\java\com\alibaba\csp\sentinel\dashboard\util\AsyncUtils.java
C:\Users\Administrator\Desktop\SpringCloud Alibaba Sentinel\Sentinel\sentinel-dashboard\src\main\java\com\alibaba\csp\sentinel\dashboard\datasource\entity\rule\ParamFlowRuleEntity.java
C:\Users\Administrator\Desktop\SpringCloud Alibaba Sentinel\Sentinel\sentinel-dashboard\src\main\java\com\alibaba\csp\sentinel\dashboard\domain\cluster\ConnectionGroupVO.java
C:\Users\Administrator\Desktop\SpringCloud Alibaba Sentinel\Sentinel\sentinel-dashboard\src\main\java\com\alibaba\csp\sentinel\dashboard\service\ClusterAssignServiceImpl.java
C:\Users\Administrator\Desktop\SpringCloud Alibaba Sentinel\Sentinel\sentinel-dashboard\src\main\java\com\alibaba\csp\sentinel\dashboard\config\DashboardConfig.java
C:\Users\Administrator\Desktop\SpringCloud Alibaba Sentinel\Sentinel\sentinel-dashboard\src\main\java\com\alibaba\csp\sentinel\dashboard\controller\v2\FlowControllerV2.java
C:\Users\Administrator\Desktop\SpringCloud Alibaba Sentinel\Sentinel\sentinel-dashboard\src\main\java\com\alibaba\csp\sentinel\dashboard\discovery\MachineDiscovery.java
C:\Users\Administrator\Desktop\SpringCloud Alibaba Sentinel\Sentinel\sentinel-dashboard\src\main\java\com\alibaba\csp\sentinel\dashboard\service\ClusterConfigService.java
C:\Users\Administrator\Desktop\SpringCloud Alibaba Sentinel\Sentinel\sentinel-dashboard\src\main\java\com\alibaba\csp\sentinel\dashboard\controller\cluster\ClusterConfigController.java
C:\Users\Administrator\Desktop\SpringCloud Alibaba Sentinel\Sentinel\sentinel-dashboard\src\main\java\com\alibaba\csp\sentinel\dashboard\repository\rule\RuleRepository.java
C:\Users\Administrator\Desktop\SpringCloud Alibaba Sentinel\Sentinel\sentinel-dashboard\src\main\java\com\alibaba\csp\sentinel\dashboard\controller\ResourceController.java
C:\Users\Administrator\Desktop\SpringCloud Alibaba Sentinel\Sentinel\sentinel-dashboard\src\main\java\com\alibaba\csp\sentinel\dashboard\datasource\entity\MetricEntity.java
C:\Users\Administrator\Desktop\SpringCloud Alibaba Sentinel\Sentinel\sentinel-dashboard\src\main\java\com\alibaba\csp\sentinel\dashboard\datasource\entity\rule\DegradeRuleEntity.java
C:\Users\Administrator\Desktop\SpringCloud Alibaba Sentinel\Sentinel\sentinel-dashboard\src\main\java\com\alibaba\csp\sentinel\dashboard\domain\ResourceTreeNode.java
C:\Users\Administrator\Desktop\SpringCloud Alibaba Sentinel\Sentinel\sentinel-dashboard\src\main\java\com\alibaba\csp\sentinel\dashboard\repository\rule\InMemAuthorityRuleStore.java
C:\Users\Administrator\Desktop\SpringCloud Alibaba Sentinel\Sentinel\sentinel-dashboard\src\main\java\com\alibaba\csp\sentinel\dashboard\datasource\entity\rule\AbstractRuleEntity.java
C:\Users\Administrator\Desktop\SpringCloud Alibaba Sentinel\Sentinel\sentinel-dashboard\src\main\java\com\alibaba\csp\sentinel\dashboard\repository\metric\InMemoryMetricsRepository.java
C:\Users\Administrator\Desktop\SpringCloud Alibaba Sentinel\Sentinel\sentinel-dashboard\src\main\java\com\alibaba\csp\sentinel\dashboard\domain\cluster\state\ClusterUniversalStatePairVO.java
C:\Users\Administrator\Desktop\SpringCloud Alibaba Sentinel\Sentinel\sentinel-dashboard\src\main\java\com\alibaba\csp\sentinel\dashboard\controller\DegradeController.java
C:\Users\Administrator\Desktop\SpringCloud Alibaba Sentinel\Sentinel\sentinel-dashboard\src\main\java\com\alibaba\csp\sentinel\dashboard\domain\cluster\state\ClusterStateSimpleEntity.java
C:\Users\Administrator\Desktop\SpringCloud Alibaba Sentinel\Sentinel\sentinel-dashboard\src\main\java\com\alibaba\csp\sentinel\dashboard\domain\cluster\ClusterAppSingleServerAssignRequest.java
C:\Users\Administrator\Desktop\SpringCloud Alibaba Sentinel\Sentinel\sentinel-dashboard\src\main\java\com\alibaba\csp\sentinel\dashboard\rule\FlowRuleApiPublisher.java
C:\Users\Administrator\Desktop\SpringCloud Alibaba Sentinel\Sentinel\sentinel-dashboard\src\main\java\com\alibaba\csp\sentinel\dashboard\metric\MetricFetcher.java
C:\Users\Administrator\Desktop\SpringCloud Alibaba Sentinel\Sentinel\sentinel-dashboard\src\main\java\com\alibaba\csp\sentinel\dashboard\auth\AuthService.java
C:\Users\Administrator\Desktop\SpringCloud Alibaba Sentinel\Sentinel\sentinel-dashboard\src\main\java\com\alibaba\csp\sentinel\dashboard\domain\cluster\config\ServerFlowConfig.java
C:\Users\Administrator\Desktop\SpringCloud Alibaba Sentinel\Sentinel\sentinel-dashboard\src\main\java\com\alibaba\csp\sentinel\dashboard\domain\cluster\state\ClusterClientStateVO.java
C:\Users\Administrator\Desktop\SpringCloud Alibaba Sentinel\Sentinel\sentinel-dashboard\src\main\java\com\alibaba\csp\sentinel\dashboard\client\SentinelApiClient.java
C:\Users\Administrator\Desktop\SpringCloud Alibaba Sentinel\Sentinel\sentinel-dashboard\src\main\java\com\alibaba\csp\sentinel\dashboard\datasource\entity\rule\FlowRuleEntity.java
C:\Users\Administrator\Desktop\SpringCloud Alibaba Sentinel\Sentinel\sentinel-dashboard\src\main\java\com\alibaba\csp\sentinel\dashboard\domain\cluster\ClusterAppFullAssignRequest.java
C:\Users\Administrator\Desktop\SpringCloud Alibaba Sentinel\Sentinel\sentinel-dashboard\src\main\java\com\alibaba\csp\sentinel\dashboard\DashboardApplication.java
C:\Users\Administrator\Desktop\SpringCloud Alibaba Sentinel\Sentinel\sentinel-dashboard\src\main\java\com\alibaba\csp\sentinel\dashboard\domain\vo\MetricVo.java
C:\Users\Administrator\Desktop\SpringCloud Alibaba Sentinel\Sentinel\sentinel-dashboard\src\main\java\com\alibaba\csp\sentinel\dashboard\domain\vo\MachineInfoVo.java
C:\Users\Administrator\Desktop\SpringCloud Alibaba Sentinel\Sentinel\sentinel-dashboard\src\main\java\com\alibaba\csp\sentinel\dashboard\controller\AuthorityRuleController.java
C:\Users\Administrator\Desktop\SpringCloud Alibaba Sentinel\Sentinel\sentinel-dashboard\src\main\java\com\alibaba\csp\sentinel\dashboard\domain\cluster\state\AppClusterServerStateWrapVO.java
C:\Users\Administrator\Desktop\SpringCloud Alibaba Sentinel\Sentinel\sentinel-dashboard\src\main\java\com\alibaba\csp\sentinel\dashboard\config\WebConfig.java
C:\Users\Administrator\Desktop\SpringCloud Alibaba Sentinel\Sentinel\sentinel-dashboard\src\main\java\com\alibaba\csp\sentinel\dashboard\datasource\entity\rule\RuleEntity.java
C:\Users\Administrator\Desktop\SpringCloud Alibaba Sentinel\Sentinel\sentinel-dashboard\src\main\java\com\alibaba\csp\sentinel\dashboard\repository\rule\InMemDegradeRuleStore.java
C:\Users\Administrator\Desktop\SpringCloud Alibaba Sentinel\Sentinel\sentinel-dashboard\src\main\java\com\alibaba\csp\sentinel\dashboard\domain\cluster\request\ClusterModifyRequest.java
C:\Users\Administrator\Desktop\SpringCloud Alibaba Sentinel\Sentinel\sentinel-dashboard\src\main\java\com\alibaba\csp\sentinel\dashboard\util\RuleUtils.java
C:\Users\Administrator\Desktop\SpringCloud Alibaba Sentinel\Sentinel\sentinel-dashboard\src\main\java\com\alibaba\csp\sentinel\dashboard\domain\cluster\state\ClusterRequestLimitVO.java
C:\Users\Administrator\Desktop\SpringCloud Alibaba Sentinel\Sentinel\sentinel-dashboard\src\main\java\com\alibaba\csp\sentinel\dashboard\repository\rule\InMemFlowRuleStore.java
C:\Users\Administrator\Desktop\SpringCloud Alibaba Sentinel\Sentinel\sentinel-dashboard\src\main\java\com\alibaba\csp\sentinel\dashboard\datasource\entity\rule\SystemRuleEntity.java
C:\Users\Administrator\Desktop\SpringCloud Alibaba Sentinel\Sentinel\sentinel-dashboard\src\main\java\com\alibaba\csp\sentinel\dashboard\controller\cluster\ClusterAssignController.java
C:\Users\Administrator\Desktop\SpringCloud Alibaba Sentinel\Sentinel\sentinel-dashboard\src\main\java\com\alibaba\csp\sentinel\dashboard\discovery\AppInfo.java
C:\Users\Administrator\Desktop\SpringCloud Alibaba Sentinel\Sentinel\sentinel-dashboard\src\main\java\com\alibaba\csp\sentinel\dashboard\discovery\SimpleMachineDiscovery.java
C:\Users\Administrator\Desktop\SpringCloud Alibaba Sentinel\Sentinel\sentinel-dashboard\src\main\java\com\alibaba\csp\sentinel\dashboard\repository\rule\InMemParamFlowRuleStore.java
C:\Users\Administrator\Desktop\SpringCloud Alibaba Sentinel\Sentinel\sentinel-dashboard\src\main\java\com\alibaba\csp\sentinel\dashboard\controller\SystemController.java
