C:\Users\Administrator\Desktop\SpringCloud Alibaba Sentinel\Sentinel\sentinel-dashboard\src\test\java\com\alibaba\csp\sentinel\dashboard\rule\nacos\FlowRuleNacosPublisher.java
C:\Users\Administrator\Desktop\SpringCloud Alibaba Sentinel\Sentinel\sentinel-dashboard\src\test\java\com\alibaba\csp\sentinel\dashboard\discovery\AppInfoTest.java
C:\Users\Administrator\Desktop\SpringCloud Alibaba Sentinel\Sentinel\sentinel-dashboard\src\test\java\com\alibaba\csp\sentinel\dashboard\rule\apollo\ApolloConfigUtil.java
C:\Users\Administrator\Desktop\SpringCloud Alibaba Sentinel\Sentinel\sentinel-dashboard\src\test\java\com\alibaba\csp\sentinel\dashboard\rule\apollo\FlowRuleApolloPublisher.java
C:\Users\Administrator\Desktop\SpringCloud Alibaba Sentinel\Sentinel\sentinel-dashboard\src\test\java\com\alibaba\csp\sentinel\dashboard\discovery\MachineInfoTest.java
C:\Users\Administrator\Desktop\SpringCloud Alibaba Sentinel\Sentinel\sentinel-dashboard\src\test\java\com\alibaba\csp\sentinel\dashboard\rule\apollo\ApolloConfig.java
C:\Users\Administrator\Desktop\SpringCloud Alibaba Sentinel\Sentinel\sentinel-dashboard\src\test\java\com\alibaba\csp\sentinel\dashboard\rule\apollo\FlowRuleApolloProvider.java
C:\Users\Administrator\Desktop\SpringCloud Alibaba Sentinel\Sentinel\sentinel-dashboard\src\test\java\com\alibaba\csp\sentinel\dashboard\rule\nacos\NacosConfigUtil.java
C:\Users\Administrator\Desktop\SpringCloud Alibaba Sentinel\Sentinel\sentinel-dashboard\src\test\java\com\alibaba\csp\sentinel\dashboard\config\DashboardConfigTest.java
C:\Users\Administrator\Desktop\SpringCloud Alibaba Sentinel\Sentinel\sentinel-dashboard\src\test\java\com\alibaba\csp\sentinel\dashboard\rule\nacos\NacosConfig.java
C:\Users\Administrator\Desktop\SpringCloud Alibaba Sentinel\Sentinel\sentinel-dashboard\src\test\java\com\alibaba\csp\sentinel\dashboard\repository\metric\InMemoryMetricsRepositoryTest.java
C:\Users\Administrator\Desktop\SpringCloud Alibaba Sentinel\Sentinel\sentinel-dashboard\src\test\java\com\alibaba\csp\sentinel\dashboard\rule\nacos\FlowRuleNacosProvider.java
